../Drivers/STM32L0xx_HAL_Driver/Inc/stm32l0xx_ll_rcc.h:1161:22:LL_RCC_MSI_Enable	8	static
../Drivers/STM32L0xx_HAL_Driver/Inc/stm32l0xx_ll_rcc.h:1181:26:LL_RCC_MSI_IsReady	8	static
../Drivers/STM32L0xx_HAL_Driver/Inc/stm32l0xx_ll_rcc.h:1199:22:LL_RCC_MSI_SetRange	16	static
../Drivers/STM32L0xx_HAL_Driver/Inc/stm32l0xx_ll_rcc.h:1240:22:LL_RCC_MSI_SetCalibTrimming	16	static
../Drivers/STM32L0xx_HAL_Driver/Inc/stm32l0xx_ll_rcc.h:1273:22:LL_RCC_SetSysClkSource	16	static
../Drivers/STM32L0xx_HAL_Driver/Inc/stm32l0xx_ll_rcc.h:1287:26:LL_RCC_GetSysClkSource	8	static
../Drivers/STM32L0xx_HAL_Driver/Inc/stm32l0xx_ll_rcc.h:1307:22:LL_RCC_SetAHBPrescaler	16	static
../Drivers/STM32L0xx_HAL_Driver/Inc/stm32l0xx_ll_rcc.h:1323:22:LL_RCC_SetAPB1Prescaler	16	static
../Drivers/STM32L0xx_HAL_Driver/Inc/stm32l0xx_ll_rcc.h:1339:22:LL_RCC_SetAPB2Prescaler	16	static
../Drivers/STM32L0xx_HAL_Driver/Inc/stm32l0xx_ll_rcc.h:1479:22:LL_RCC_SetUSARTClockSource	16	static
../Drivers/STM32L0xx_HAL_Driver/Inc/stm32l0xx_ll_bus.h:438:22:LL_APB1_GRP1_EnableClock	24	static
../Drivers/STM32L0xx_HAL_Driver/Inc/stm32l0xx_ll_bus.h:784:22:LL_APB2_GRP1_EnableClock	24	static
../Drivers/STM32L0xx_HAL_Driver/Inc/stm32l0xx_ll_bus.h:985:22:LL_IOP_GRP1_EnableClock	24	static
../Drivers/STM32L0xx_HAL_Driver/Inc/stm32l0xx_ll_system.h:651:22:LL_SYSCFG_SetEXTISource	24	static
../Drivers/STM32L0xx_HAL_Driver/Inc/stm32l0xx_ll_system.h:913:22:LL_FLASH_SetLatency	16	static
../Drivers/STM32L0xx_HAL_Driver/Inc/stm32l0xx_ll_system.h:925:26:LL_FLASH_GetLatency	8	static
../Drivers/STM32L0xx_HAL_Driver/Inc/stm32l0xx_ll_pwr.h:271:22:LL_PWR_SetRegulVoltageScaling	16	static
../Drivers/STM32L0xx_HAL_Driver/Inc/stm32l0xx_ll_usart.h:541:22:LL_USART_Enable	16	static
../Drivers/STM32L0xx_HAL_Driver/Inc/stm32l0xx_ll_usart.h:2293:22:LL_USART_ConfigAsyncMode	16	static
../Drivers/STM32L0xx_HAL_Driver/Inc/stm32l0xx_ll_gpio.h:269:22:LL_GPIO_SetPinMode	24	static
../Drivers/STM32L0xx_HAL_Driver/Inc/stm32l0xx_ll_gpio.h:477:22:LL_GPIO_SetPinPull	24	static
../Drivers/STM32L0xx_HAL_Driver/Inc/stm32l0xx_ll_gpio.h:872:22:LL_GPIO_ResetOutputPin	16	static
../Core/Src/main.c:62:6:ADC_init	16	static
../Core/Src/main.c:87:7:convertToCentimeters	16	static
../Core/Src/main.c:91:5:randomDistance	16	static
../Core/Src/main.c:101:5:main	56	static
../Core/Src/main.c:161:6:SystemClock_Config	8	static
../Core/Src/main.c:199:13:MX_USART2_UART_Init	72	static
../Core/Src/main.c:258:13:MX_GPIO_Init	48	static
../Core/Src/main.c:305:6:Error_Handler	8	static,ignoring_inline_asm
